d:\study\git-sample_code\sample-code\c++\postgresql\libpqxx-build\src\pqxx.dir\release\subtransaction.obj
d:\study\git-sample_code\sample-code\c++\postgresql\libpqxx-build\src\pqxx.dir\release\stream_to.obj
d:\study\git-sample_code\sample-code\c++\postgresql\libpqxx-build\src\pqxx.dir\release\stream_from.obj
d:\study\git-sample_code\sample-code\c++\postgresql\libpqxx-build\src\pqxx.dir\release\strconv.obj
d:\study\git-sample_code\sample-code\c++\postgresql\libpqxx-build\src\pqxx.dir\release\sql_cursor.obj
d:\study\git-sample_code\sample-code\c++\postgresql\libpqxx-build\src\pqxx.dir\release\row.obj
d:\study\git-sample_code\sample-code\c++\postgresql\libpqxx-build\src\pqxx.dir\release\robusttransaction.obj
d:\study\git-sample_code\sample-code\c++\postgresql\libpqxx-build\src\pqxx.dir\release\result.obj
d:\study\git-sample_code\sample-code\c++\postgresql\libpqxx-build\src\pqxx.dir\release\pipeline.obj
d:\study\git-sample_code\sample-code\c++\postgresql\libpqxx-build\src\pqxx.dir\release\params.obj
d:\study\git-sample_code\sample-code\c++\postgresql\libpqxx-build\src\pqxx.dir\release\notification.obj
d:\study\git-sample_code\sample-code\c++\postgresql\libpqxx-build\src\pqxx.dir\release\largeobject.obj
d:\study\git-sample_code\sample-code\c++\postgresql\libpqxx-build\src\pqxx.dir\release\field.obj
d:\study\git-sample_code\sample-code\c++\postgresql\libpqxx-build\src\pqxx.dir\release\except.obj
d:\study\git-sample_code\sample-code\c++\postgresql\libpqxx-build\src\pqxx.dir\release\errorhandler.obj
d:\study\git-sample_code\sample-code\c++\postgresql\libpqxx-build\src\pqxx.dir\release\encodings.obj
d:\study\git-sample_code\sample-code\c++\postgresql\libpqxx-build\src\pqxx.dir\release\cursor.obj
d:\study\git-sample_code\sample-code\c++\postgresql\libpqxx-build\src\pqxx.dir\release\connection.obj
d:\study\git-sample_code\sample-code\c++\postgresql\libpqxx-build\src\pqxx.dir\release\blob.obj
d:\study\git-sample_code\sample-code\c++\postgresql\libpqxx-build\src\pqxx.dir\release\array.obj
d:\study\git-sample_code\sample-code\c++\postgresql\libpqxx-build\src\pqxx.dir\release\wait.obj
d:\study\git-sample_code\sample-code\c++\postgresql\libpqxx-build\src\pqxx.dir\release\util.obj
d:\study\git-sample_code\sample-code\c++\postgresql\libpqxx-build\src\pqxx.dir\release\types.obj
d:\study\git-sample_code\sample-code\c++\postgresql\libpqxx-build\src\pqxx.dir\release\transaction_base.obj
d:\study\git-sample_code\sample-code\c++\postgresql\libpqxx-build\src\pqxx.dir\release\transaction.obj
d:\study\git-sample_code\sample-code\c++\postgresql\libpqxx-build\src\pqxx.dir\release\time.obj
d:\study\git-sample_code\sample-code\c++\postgresql\libpqxx-build\src\cmakefiles\generate.stamp
d:\study\git-sample_code\sample-code\c++\postgresql\libpqxx-build\src\release\pqxx.lib
d:\study\git-sample_code\sample-code\c++\postgresql\libpqxx-build\src\pqxx.dir\release\pqxx.tlog\cl.command.1.tlog
d:\study\git-sample_code\sample-code\c++\postgresql\libpqxx-build\src\pqxx.dir\release\pqxx.tlog\cl.items.tlog
d:\study\git-sample_code\sample-code\c++\postgresql\libpqxx-build\src\pqxx.dir\release\pqxx.tlog\cl.read.1.tlog
d:\study\git-sample_code\sample-code\c++\postgresql\libpqxx-build\src\pqxx.dir\release\pqxx.tlog\cl.write.1.tlog
d:\study\git-sample_code\sample-code\c++\postgresql\libpqxx-build\src\pqxx.dir\release\pqxx.tlog\custombuild.command.1.tlog
d:\study\git-sample_code\sample-code\c++\postgresql\libpqxx-build\src\pqxx.dir\release\pqxx.tlog\custombuild.read.1.tlog
d:\study\git-sample_code\sample-code\c++\postgresql\libpqxx-build\src\pqxx.dir\release\pqxx.tlog\custombuild.write.1.tlog
d:\study\git-sample_code\sample-code\c++\postgresql\libpqxx-build\src\pqxx.dir\release\pqxx.tlog\lib-link.read.1.tlog
d:\study\git-sample_code\sample-code\c++\postgresql\libpqxx-build\src\pqxx.dir\release\pqxx.tlog\lib-link.write.1.tlog
d:\study\git-sample_code\sample-code\c++\postgresql\libpqxx-build\src\pqxx.dir\release\pqxx.tlog\lib.command.1.tlog
