d:\study\git-sample_code\sample-code\c++\postgresql\libpqxx-build\examples\debug\pqxxd.pdb
d:\study\git-sample_code\sample-code\c++\postgresql\libpqxx-build\src\pqxx.dir\debug\subtransaction.obj
d:\study\git-sample_code\sample-code\c++\postgresql\libpqxx-build\src\pqxx.dir\debug\stream_to.obj
d:\study\git-sample_code\sample-code\c++\postgresql\libpqxx-build\src\pqxx.dir\debug\stream_from.obj
d:\study\git-sample_code\sample-code\c++\postgresql\libpqxx-build\src\pqxx.dir\debug\strconv.obj
d:\study\git-sample_code\sample-code\c++\postgresql\libpqxx-build\src\pqxx.dir\debug\sql_cursor.obj
d:\study\git-sample_code\sample-code\c++\postgresql\libpqxx-build\src\pqxx.dir\debug\row.obj
d:\study\git-sample_code\sample-code\c++\postgresql\libpqxx-build\src\pqxx.dir\debug\robusttransaction.obj
d:\study\git-sample_code\sample-code\c++\postgresql\libpqxx-build\src\pqxx.dir\debug\result.obj
d:\study\git-sample_code\sample-code\c++\postgresql\libpqxx-build\src\pqxx.dir\debug\pipeline.obj
d:\study\git-sample_code\sample-code\c++\postgresql\libpqxx-build\src\pqxx.dir\debug\params.obj
d:\study\git-sample_code\sample-code\c++\postgresql\libpqxx-build\src\pqxx.dir\debug\notification.obj
d:\study\git-sample_code\sample-code\c++\postgresql\libpqxx-build\src\pqxx.dir\debug\largeobject.obj
d:\study\git-sample_code\sample-code\c++\postgresql\libpqxx-build\src\pqxx.dir\debug\field.obj
d:\study\git-sample_code\sample-code\c++\postgresql\libpqxx-build\src\pqxx.dir\debug\except.obj
d:\study\git-sample_code\sample-code\c++\postgresql\libpqxx-build\src\pqxx.dir\debug\errorhandler.obj
d:\study\git-sample_code\sample-code\c++\postgresql\libpqxx-build\src\pqxx.dir\debug\encodings.obj
d:\study\git-sample_code\sample-code\c++\postgresql\libpqxx-build\src\pqxx.dir\debug\cursor.obj
d:\study\git-sample_code\sample-code\c++\postgresql\libpqxx-build\src\pqxx.dir\debug\connection.obj
d:\study\git-sample_code\sample-code\c++\postgresql\libpqxx-build\src\pqxx.dir\debug\blob.obj
d:\study\git-sample_code\sample-code\c++\postgresql\libpqxx-build\src\pqxx.dir\debug\array.obj
d:\study\git-sample_code\sample-code\c++\postgresql\libpqxx-build\src\pqxx.dir\debug\wait.obj
d:\study\git-sample_code\sample-code\c++\postgresql\libpqxx-build\src\pqxx.dir\debug\util.obj
d:\study\git-sample_code\sample-code\c++\postgresql\libpqxx-build\src\pqxx.dir\debug\types.obj
d:\study\git-sample_code\sample-code\c++\postgresql\libpqxx-build\src\pqxx.dir\debug\transaction_base.obj
d:\study\git-sample_code\sample-code\c++\postgresql\libpqxx-build\src\pqxx.dir\debug\transaction.obj
d:\study\git-sample_code\sample-code\c++\postgresql\libpqxx-build\src\pqxx.dir\debug\time.obj
d:\study\git-sample_code\sample-code\c++\postgresql\libpqxx-build\src\cmakefiles\generate.stamp
d:\study\git-sample_code\sample-code\c++\postgresql\libpqxx-build\examples\debug\pqxxd.lib
d:\study\git-sample_code\sample-code\c++\postgresql\libpqxx-build\src\pqxx.dir\debug\pqxx.tlog\cl.command.1.tlog
d:\study\git-sample_code\sample-code\c++\postgresql\libpqxx-build\src\pqxx.dir\debug\pqxx.tlog\cl.items.tlog
d:\study\git-sample_code\sample-code\c++\postgresql\libpqxx-build\src\pqxx.dir\debug\pqxx.tlog\cl.read.1.tlog
d:\study\git-sample_code\sample-code\c++\postgresql\libpqxx-build\src\pqxx.dir\debug\pqxx.tlog\cl.write.1.tlog
d:\study\git-sample_code\sample-code\c++\postgresql\libpqxx-build\src\pqxx.dir\debug\pqxx.tlog\custombuild.command.1.tlog
d:\study\git-sample_code\sample-code\c++\postgresql\libpqxx-build\src\pqxx.dir\debug\pqxx.tlog\custombuild.read.1.tlog
d:\study\git-sample_code\sample-code\c++\postgresql\libpqxx-build\src\pqxx.dir\debug\pqxx.tlog\custombuild.write.1.tlog
d:\study\git-sample_code\sample-code\c++\postgresql\libpqxx-build\src\pqxx.dir\debug\pqxx.tlog\lib-link.read.1.tlog
d:\study\git-sample_code\sample-code\c++\postgresql\libpqxx-build\src\pqxx.dir\debug\pqxx.tlog\lib-link.write.1.tlog
d:\study\git-sample_code\sample-code\c++\postgresql\libpqxx-build\src\pqxx.dir\debug\pqxx.tlog\lib.command.1.tlog
