d:\study\git-sample_code\sample-code\c++\postgresql\postgresql_sample\postgresqlsample\x64\release\postgresqlsample.pch
d:\study\git-sample_code\sample-code\c++\postgresql\postgresql_sample\postgresqlsample\x64\release\vc145.pdb
d:\study\git-sample_code\sample-code\c++\postgresql\postgresql_sample\postgresqlsample\x64\release\pch.obj
d:\study\git-sample_code\sample-code\c++\postgresql\postgresql_sample\postgresqlsample\x64\release\postgrestester.obj
d:\study\git-sample_code\sample-code\c++\postgresql\postgresql_sample\postgresqlsample\x64\release\postgresqlsampledlg.obj
d:\study\git-sample_code\sample-code\c++\postgresql\postgresql_sample\postgresqlsample\x64\release\postgresqlsample.obj
d:\study\git-sample_code\sample-code\c++\postgresql\postgresql_sample\bin_x64\postgresqlsample.exe
d:\study\git-sample_code\sample-code\c++\postgresql\postgresql_sample\bin_x64\postgresqlsample.pdb
d:\study\git-sample_code\sample-code\c++\postgresql\postgresql_sample\postgresqlsample\x64\release\postgresqlsample.res
d:\study\git-sample_code\sample-code\c++\postgresql\postgresql_sample\postgresqlsample\x64\release\postgresqlsample.ipdb
d:\study\git-sample_code\sample-code\c++\postgresql\postgresql_sample\postgresqlsample\x64\release\postgresqlsample.iobj
d:\study\git-sample_code\sample-code\c++\postgresql\postgresql_sample\postgresqlsample\x64\release\postgresqlsample.tlog\cl.command.1.tlog
d:\study\git-sample_code\sample-code\c++\postgresql\postgresql_sample\postgresqlsample\x64\release\postgresqlsample.tlog\cl.items.tlog
d:\study\git-sample_code\sample-code\c++\postgresql\postgresql_sample\postgresqlsample\x64\release\postgresqlsample.tlog\cl.read.1.tlog
d:\study\git-sample_code\sample-code\c++\postgresql\postgresql_sample\postgresqlsample\x64\release\postgresqlsample.tlog\cl.write.1.tlog
d:\study\git-sample_code\sample-code\c++\postgresql\postgresql_sample\postgresqlsample\x64\release\postgresqlsample.tlog\link.command.1.tlog
d:\study\git-sample_code\sample-code\c++\postgresql\postgresql_sample\postgresqlsample\x64\release\postgresqlsample.tlog\link.read.1.tlog
d:\study\git-sample_code\sample-code\c++\postgresql\postgresql_sample\postgresqlsample\x64\release\postgresqlsample.tlog\link.secondary.1.tlog
d:\study\git-sample_code\sample-code\c++\postgresql\postgresql_sample\postgresqlsample\x64\release\postgresqlsample.tlog\link.write.1.tlog
d:\study\git-sample_code\sample-code\c++\postgresql\postgresql_sample\postgresqlsample\x64\release\postgresqlsample.tlog\rc.command.1.tlog
d:\study\git-sample_code\sample-code\c++\postgresql\postgresql_sample\postgresqlsample\x64\release\postgresqlsample.tlog\rc.read.1.tlog
d:\study\git-sample_code\sample-code\c++\postgresql\postgresql_sample\postgresqlsample\x64\release\postgresqlsample.tlog\rc.write.1.tlog
