d:\예제프로젝트\samplecode\c++\velopack(autoupdate)\src\velopack_sample\velopack_sample\x64\release\velopack_sample.pch
d:\예제프로젝트\samplecode\c++\velopack(autoupdate)\src\velopack_sample\velopack_sample\x64\release\vc142.pdb
d:\예제프로젝트\samplecode\c++\velopack(autoupdate)\src\velopack_sample\velopack_sample\x64\release\pch.obj
d:\예제프로젝트\samplecode\c++\velopack(autoupdate)\src\velopack_sample\velopack_sample\x64\release\velopack_sampledlg.obj
d:\예제프로젝트\samplecode\c++\velopack(autoupdate)\src\velopack_sample\velopack_sample\x64\release\velopack_sample.obj
d:\예제프로젝트\samplecode\c++\velopack(autoupdate)\src\velopack_sample\velopack_sample\x64\release\velopack_usage.obj
d:\예제프로젝트\samplecode\c++\velopack(autoupdate)\src\velopack_sample\x64\release\velopack_sample.exe
d:\예제프로젝트\samplecode\c++\velopack(autoupdate)\src\velopack_sample\velopack_sample\x64\release\velopack_sample.ipdb
d:\예제프로젝트\samplecode\c++\velopack(autoupdate)\src\velopack_sample\velopack_sample\x64\release\velopack_sample.iobj
d:\예제프로젝트\samplecode\c++\velopack(autoupdate)\src\velopack_sample\x64\release\velopack_sample.pdb
d:\예제프로젝트\samplecode\c++\velopack(autoupdate)\src\velopack_sample\velopack_sample\x64\release\velopacksample.res
d:\예제프로젝트\samplecode\c++\velopack(autoupdate)\src\velopack_sample\x64\release\velopack_sample.lib
d:\예제프로젝트\samplecode\c++\velopack(autoupdate)\src\velopack_sample\x64\release\velopack_sample.exp
d:\예제프로젝트\samplecode\c++\velopack(autoupdate)\src\velopack_sample\velopack_sample\x64\release\velopack_sample.tlog\cl.command.1.tlog
d:\예제프로젝트\samplecode\c++\velopack(autoupdate)\src\velopack_sample\velopack_sample\x64\release\velopack_sample.tlog\cl.read.1.tlog
d:\예제프로젝트\samplecode\c++\velopack(autoupdate)\src\velopack_sample\velopack_sample\x64\release\velopack_sample.tlog\cl.write.1.tlog
d:\예제프로젝트\samplecode\c++\velopack(autoupdate)\src\velopack_sample\velopack_sample\x64\release\velopack_sample.tlog\link.command.1.tlog
d:\예제프로젝트\samplecode\c++\velopack(autoupdate)\src\velopack_sample\velopack_sample\x64\release\velopack_sample.tlog\link.read.1.tlog
d:\예제프로젝트\samplecode\c++\velopack(autoupdate)\src\velopack_sample\velopack_sample\x64\release\velopack_sample.tlog\link.write.1.tlog
d:\예제프로젝트\samplecode\c++\velopack(autoupdate)\src\velopack_sample\velopack_sample\x64\release\velopack_sample.tlog\rc.command.1.tlog
d:\예제프로젝트\samplecode\c++\velopack(autoupdate)\src\velopack_sample\velopack_sample\x64\release\velopack_sample.tlog\rc.read.1.tlog
d:\예제프로젝트\samplecode\c++\velopack(autoupdate)\src\velopack_sample\velopack_sample\x64\release\velopack_sample.tlog\rc.write.1.tlog
d:\예제프로젝트\samplecode\c++\velopack(autoupdate)\src\velopack_sample\velopack_sample\x64\release\velopack_sample.tlog\velopack_sample.write.1u.tlog
