d:\study\git-sample_code\sample-code\c++\postgresql\postgresql_sample\postgresqlsample\x64\debug\postgresqlsample.pch
d:\study\git-sample_code\sample-code\c++\postgresql\postgresql_sample\postgresqlsample\x64\debug\vc145.pdb
d:\study\git-sample_code\sample-code\c++\postgresql\postgresql_sample\postgresqlsample\x64\debug\vc145.idb
d:\study\git-sample_code\sample-code\c++\postgresql\postgresql_sample\postgresqlsample\x64\debug\pch.obj
d:\study\git-sample_code\sample-code\c++\postgresql\postgresql_sample\postgresqlsample\x64\debug\postgrestester.obj
d:\study\git-sample_code\sample-code\c++\postgresql\postgresql_sample\postgresqlsample\x64\debug\postgresqlsampledlg.obj
d:\study\git-sample_code\sample-code\c++\postgresql\postgresql_sample\postgresqlsample\x64\debug\postgresqlsample.obj
d:\study\git-sample_code\sample-code\c++\postgresql\postgresql_sample\bind_x64\postgresqlsample.exe
d:\study\git-sample_code\sample-code\c++\postgresql\postgresql_sample\bind_x64\postgresqlsample.pdb
d:\study\git-sample_code\sample-code\c++\postgresql\postgresql_sample\postgresqlsample\x64\debug\postgresqlsample.res
d:\study\git-sample_code\sample-code\c++\postgresql\postgresql_sample\postgresqlsample\x64\debug\postgresqlsample.ilk
d:\study\git-sample_code\sample-code\c++\postgresql\postgresql_sample\postgresqlsample\x64\debug\postgrestester.obj.enc
d:\study\git-sample_code\sample-code\c++\postgresql\postgresql_sample\postgresqlsample\x64\debug\postgresqlsample.tlog\cl.command.1.tlog
d:\study\git-sample_code\sample-code\c++\postgresql\postgresql_sample\postgresqlsample\x64\debug\postgresqlsample.tlog\cl.items.tlog
d:\study\git-sample_code\sample-code\c++\postgresql\postgresql_sample\postgresqlsample\x64\debug\postgresqlsample.tlog\cl.read.1.tlog
d:\study\git-sample_code\sample-code\c++\postgresql\postgresql_sample\postgresqlsample\x64\debug\postgresqlsample.tlog\cl.write.1.tlog
d:\study\git-sample_code\sample-code\c++\postgresql\postgresql_sample\postgresqlsample\x64\debug\postgresqlsample.tlog\link.command.1.tlog
d:\study\git-sample_code\sample-code\c++\postgresql\postgresql_sample\postgresqlsample\x64\debug\postgresqlsample.tlog\link.read.1.tlog
d:\study\git-sample_code\sample-code\c++\postgresql\postgresql_sample\postgresqlsample\x64\debug\postgresqlsample.tlog\link.secondary.1.tlog
d:\study\git-sample_code\sample-code\c++\postgresql\postgresql_sample\postgresqlsample\x64\debug\postgresqlsample.tlog\link.write.1.tlog
d:\study\git-sample_code\sample-code\c++\postgresql\postgresql_sample\postgresqlsample\x64\debug\postgresqlsample.tlog\rc.command.1.tlog
d:\study\git-sample_code\sample-code\c++\postgresql\postgresql_sample\postgresqlsample\x64\debug\postgresqlsample.tlog\rc.read.1.tlog
d:\study\git-sample_code\sample-code\c++\postgresql\postgresql_sample\postgresqlsample\x64\debug\postgresqlsample.tlog\rc.write.1.tlog
