[update:46368] [11:28:12] [INFO] --
[update:46368] [11:28:12] [INFO] Starting Velopack Updater (0.0.1298)
[update:46368] [11:28:12] [INFO]     Location: D:\예제프로젝트\samplecode\c++\velopack(autoupdate)\src\velopack_sample\installPackage\Update.exe
[update:46368] [11:28:12] [INFO]     CWD: D:\예제프로젝트\samplecode\c++\velopack(autoupdate)\src\velopack_sample\installPackage
[update:46368] [11:28:12] [INFO]     Verbose: false
[update:46368] [11:28:12] [INFO]     Silent: false
[update:46368] [11:28:12] [INFO]     Log File: None
[update:46368] [11:28:12] [INFO] Command: Patch
[update:46368] [11:28:12] [INFO]     Old File: Some("D:\\예제프로젝트\\samplecode\\c++\\velopack(autoupdate)\\src\\velopack_sample\\installPackage\\packages\\velopack_sample-1.0.0-full.nupkg")
[update:46368] [11:28:12] [INFO]     Delta Files: ["D:\\예제프로젝트\\samplecode\\c++\\velopack(autoupdate)\\src\\velopack_sample\\installPackage\\packages\\velopack_sample-1.0.1-delta.nupkg"]
[update:46368] [11:28:12] [INFO]     Output File: Some("D:\\예제프로젝트\\samplecode\\c++\\velopack(autoupdate)\\src\\velopack_sample\\installPackage\\packages\\velopack_sample-1.0.1-full.partial")
[update:46368] [11:28:12] [INFO] Auto-locating app manifest...
[update:46368] [11:28:12] [INFO] Extracting base package for delta patching: D:\예제프로젝트\samplecode\c++\velopack(autoupdate)\src\velopack_sample\installPackage\packages\VelopackTemp\tmp_Rba4o9tboO6WsYKS
[update:46368] [11:28:12] [INFO] Base package extracted. 1 delta packages to apply.
[update:46368] [11:28:12] [INFO] 0: extracting apply delta patch: D:\예제프로젝트\samplecode\c++\velopack(autoupdate)\src\velopack_sample\installPackage\packages\velopack_sample-1.0.1-delta.nupkg
[update:46368] [11:28:12] [INFO] 0: applying zsdiff patch: "lib\\app\\sq.version.zsdiff"
[update:46368] [11:28:12] [INFO] 0: applying zsdiff patch: "lib\\app\\velopack_sample.exe.zsdiff"
[update:46368] [11:28:12] [INFO] 0: applying zsdiff patch: "lib\\app\\velopack_sample_ExecutionStub.exe.zsdiff"
[update:46368] [11:28:12] [INFO] 0: copying metadata file: "setup.ico"
[update:46368] [11:28:12] [INFO] 0: copying metadata file: "splashimage.bmp"
[update:46368] [11:28:12] [INFO] 0: copying metadata file: "velopack_sample.nuspec"
[update:46368] [11:28:12] [INFO] 0: copying metadata file: "[Content_Types].xml"
[update:46368] [11:28:12] [INFO] 0: copying metadata file: "_rels\\.rels"
[update:46368] [11:28:12] [INFO] All delta patches applied. Asembling output package at: D:\예제프로젝트\samplecode\c++\velopack(autoupdate)\src\velopack_sample\installPackage\packages\velopack_sample-1.0.1-full.partial
[update:46368] [11:28:13] [INFO] Successfully applied 1 delta patches in 0.6220641s.
[update:48212] [11:28:13] [INFO] --
[update:48212] [11:28:13] [INFO] Starting Velopack Updater (0.0.1298)
[update:48212] [11:28:13] [INFO]     Location: D:\예제프로젝트\samplecode\c++\velopack(autoupdate)\src\velopack_sample\installPackage\Update.exe
[update:48212] [11:28:13] [INFO]     CWD: D:\예제프로젝트\samplecode\c++\velopack(autoupdate)\src\velopack_sample\installPackage
[update:48212] [11:28:13] [INFO]     Verbose: false
[update:48212] [11:28:13] [INFO]     Silent: false
[update:48212] [11:28:13] [INFO]     Log File: None
[update:48212] [11:28:13] [INFO] Command: Apply
[update:48212] [11:28:13] [INFO]     Restart: true
[update:48212] [11:28:13] [INFO]     Wait: WaitPid(45644)
[update:48212] [11:28:13] [INFO]     Package: Some("D:\\예제프로젝트\\samplecode\\c++\\velopack(autoupdate)\\src\\velopack_sample\\installPackage\\packages\\velopack_sample-1.0.1-full.nupkg")
[update:48212] [11:28:13] [INFO]     Exe Args: None
[update:48212] [11:28:13] [INFO] Auto-locating app manifest...
[update:48212] [11:28:13] [INFO] Attempting to acquire exclusive lock on packages directory (non-blocking)...
[update:48212] [11:28:13] [INFO] Waiting 60000ms for process (45644) to exit.
[update:48212] [11:28:13] [INFO] Getting ready to apply package to velopack_sample ver 1.0.0: D:\예제프로젝트\samplecode\c++\velopack(autoupdate)\src\velopack_sample\installPackage\packages\velopack_sample-1.0.1-full.nupkg
[update:48212] [11:28:13] [INFO] Applying package 1.0.1 to current: 1.0.0
[update:48212] [11:28:13] [INFO] Checking application pre-requisites...
[update:48212] [11:28:13] [INFO]     Visual C++ 2019 Redist (x64) is already installed.
[update:48212] [11:28:13] [INFO] Extracting 10 app files to 'D:\예제프로젝트\samplecode\c++\velopack(autoupdate)\src\velopack_sample\installPackage\packages\VelopackTemp\tmp_6yZTE2DWnSsm9ahF'...
[update:48212] [11:28:13] [INFO] Running --veloapp-obsolete hook...
[update:48212] [11:28:13] [INFO] Hook executed successfully (took 49.9909ms)
[update:48212] [11:28:13] [INFO] Checking for running processes in: D:\예제프로젝트\samplecode\c++\velopack(autoupdate)\src\velopack_sample\installPackage
[update:48212] [11:28:13] [WARN] Skipping killing self: D:\예제프로젝트\samplecode\c++\velopack(autoupdate)\src\velopack_sample\installPackage\Update.exe (48212)
[update:48212] [11:28:13] [INFO] Checking for running processes in: D:\예제프로젝트\samplecode\c++\velopack(autoupdate)\src\velopack_sample\installPackage
[update:48212] [11:28:14] [WARN] Skipping killing self: D:\예제프로젝트\samplecode\c++\velopack(autoupdate)\src\velopack_sample\installPackage\Update.exe (48212)
[update:48212] [11:28:14] [INFO] Backing up current dir to D:\예제프로젝트\samplecode\c++\velopack(autoupdate)\src\velopack_sample\installPackage\packages\VelopackTemp\tmp_sfZng96B0JE1rApN
[update:48212] [11:28:14] [INFO] Replacing current dir with D:\예제프로젝트\samplecode\c++\velopack(autoupdate)\src\velopack_sample\installPackage\packages\VelopackTemp\tmp_6yZTE2DWnSsm9ahF
[update:48212] [11:28:14] [INFO] Writing uninstall registry key...
[update:48212] [11:28:14] [INFO] Running --veloapp-updated hook...
[update:48212] [11:28:14] [INFO] Hook executed successfully (took 211.3882ms)
[update:48212] [11:28:14] [INFO] Checking for running processes in: D:\예제프로젝트\samplecode\c++\velopack(autoupdate)\src\velopack_sample\installPackage
[update:48212] [11:28:14] [WARN] Skipping killing self: D:\예제프로젝트\samplecode\c++\velopack(autoupdate)\src\velopack_sample\installPackage\Update.exe (48212)
[update:48212] [11:28:14] [INFO] Shortcut Previous Locations: ShortcutLocationFlags(DESKTOP | START_MENU_ROOT) (Some("1.0.0"))
[update:48212] [11:28:14] [INFO] Shortcut Next Locations: ShortcutLocationFlags(DESKTOP | START_MENU_ROOT) ("1.0.1")
[update:48212] [11:28:14] [INFO] App Model ID: Some("velopack.velopack_sample")
[update:48212] [11:28:14] [INFO] Searching for shortcuts containing root: 'D:\예제프로젝트\samplecode\c++\velopack(autoupdate)\src\velopack_sample\installPackage'
[update:48212] [11:28:14] [INFO] Searching for shortcuts in: ShortcutLocationFlags(DESKTOP) (C:\Users\a\Desktop/*.lnk)
[update:48212] [11:28:14] [INFO] Selected shortcut for update 'C:\Users\a\Desktop\velopack_sample.lnk' because target 'D:\예제프로젝트\samplecode\c++\velopack(autoupdate)\src\velopack_sample\installPackage\current\velopack_sample.exe' matched.
[update:48212] [11:28:14] [INFO] Searching for shortcuts in: ShortcutLocationFlags(STARTUP) (C:\Users\a\AppData\Roaming\Microsoft\Windows\Start Menu\Programs\Startup/*.lnk)
[update:48212] [11:28:14] [INFO] Searching for shortcuts in: ShortcutLocationFlags(START_MENU) (C:\Users\a\AppData\Roaming\Microsoft\Windows\Start Menu\Programs/**/*.lnk)
[update:48212] [11:28:14] [INFO] Selected shortcut for update 'C:\Users\a\AppData\Roaming\Microsoft\Windows\Start Menu\Programs\velopack_sample.lnk' because target 'D:\예제프로젝트\samplecode\c++\velopack(autoupdate)\src\velopack_sample\installPackage\current\velopack_sample.exe' matched.
[update:48212] [11:28:14] [INFO] Searching for shortcuts in: ShortcutLocationFlags(USER_PINNED) (C:\Users\a\AppData\Roaming\Microsoft\Internet Explorer\Quick Launch\User Pinned/**/*.lnk)
[update:48212] [11:28:14] [INFO] Will update all current shortcuts: [(ShortcutLocationFlags(DESKTOP), Lnk(C:\Users\a\Desktop\velopack_sample.lnk)), (ShortcutLocationFlags(START_MENU), Lnk(C:\Users\a\AppData\Roaming\Microsoft\Windows\Start Menu\Programs\velopack_sample.lnk))]
[update:48212] [11:28:14] [INFO] Updating existing shortcut '"C:\\Users\\a\\Desktop\\velopack_sample.lnk"' (ShortcutLocationFlags(DESKTOP)).
[update:48212] [11:28:14] [INFO] Updating existing shortcut '"C:\\Users\\a\\AppData\\Roaming\\Microsoft\\Windows\\Start Menu\\Programs\\velopack_sample.lnk"' (ShortcutLocationFlags(START_MENU)).
[update:48212] [11:28:14] [INFO] Package applied successfully.
[update:48212] [11:28:14] [INFO] Package version 1.0.1 applied successfully.
[update:48212] [11:28:14] [INFO] About to launch: '"D:\\예제프로젝트\\samplecode\\c++\\velopack(autoupdate)\\src\\velopack_sample\\installPackage\\current\\velopack_sample.exe"' in dir '"D:\\예제프로젝트\\samplecode\\c++\\velopack(autoupdate)\\src\\velopack_sample\\installPackage\\current"'
[update:48212] [11:28:14] [INFO] Args: CommandArgs { inner: [] }
[update:51448] [11:28:21] [INFO] --
[update:51448] [11:28:21] [INFO] Starting Velopack Updater (0.0.1298)
[update:51448] [11:28:21] [INFO]     Location: D:\예제프로젝트\samplecode\c++\velopack(autoupdate)\src\velopack_sample\installPackage\Update.exe
[update:51448] [11:28:21] [INFO]     CWD: D:\예제프로젝트\samplecode\c++\velopack(autoupdate)\src\velopack_sample\installPackage
[update:51448] [11:28:21] [INFO]     Verbose: false
[update:51448] [11:28:21] [INFO]     Silent: false
[update:51448] [11:28:21] [INFO]     Log File: None
[update:51448] [11:28:21] [INFO] Command: Apply
[update:51448] [11:28:21] [INFO]     Restart: true
[update:51448] [11:28:21] [INFO]     Wait: WaitPid(41176)
[update:51448] [11:28:21] [INFO]     Package: Some("D:\\예제프로젝트\\samplecode\\c++\\velopack(autoupdate)\\src\\velopack_sample\\installPackage\\packages\\")
[update:51448] [11:28:21] [INFO]     Exe Args: None
[update:51448] [11:28:21] [INFO] Auto-locating app manifest...
[update:51448] [11:28:21] [INFO] Attempting to acquire exclusive lock on packages directory (non-blocking)...
[update:51448] [11:28:21] [INFO] Waiting 60000ms for process (41176) to exit.
[update:51448] [11:28:21] [WARN] Failed to wait for process (41176) to exit ([87] 매개 변수가 틀립니다.). Continuing...
[update:51448] [11:28:21] [INFO] Getting ready to apply package to velopack_sample ver 1.0.1: D:\예제프로젝트\samplecode\c++\velopack(autoupdate)\src\velopack_sample\installPackage\packages\
[update:51448] [11:28:21] [WARN] Retrying operation in 333ms... (error was: Some(Os { code: 3, kind: NotFound, message: "지정된 경로를 찾을 수 없습니다." }))
[update:51448] [11:28:21] [WARN] Retrying operation in 666ms... (error was: Some(Os { code: 3, kind: NotFound, message: "지정된 경로를 찾을 수 없습니다." }))
[update:51448] [11:28:22] [WARN] Retrying operation in 1000ms... (error was: Some(Os { code: 3, kind: NotFound, message: "지정된 경로를 찾을 수 없습니다." }))
[update:51448] [11:28:23] [INFO] About to launch: '"D:\\예제프로젝트\\samplecode\\c++\\velopack(autoupdate)\\src\\velopack_sample\\installPackage\\current\\velopack_sample.exe"' in dir '"D:\\예제프로젝트\\samplecode\\c++\\velopack(autoupdate)\\src\\velopack_sample\\installPackage\\current"'
[update:51448] [11:28:23] [INFO] Args: CommandArgs { inner: [] }
[update:51448] [11:28:23] [ERROR] Apply error: Error applying package: IO error: 지정된 경로를 찾을 수 없습니다. (os error 3)
[update:46124] [11:28:44] [INFO] --
[update:46124] [11:28:44] [INFO] Starting Velopack Updater (0.0.1298)
[update:46124] [11:28:44] [INFO]     Location: D:\예제프로젝트\samplecode\c++\velopack(autoupdate)\src\velopack_sample\installPackage\Update.exe
[update:46124] [11:28:44] [INFO]     CWD: D:\예제프로젝트\samplecode\c++\velopack(autoupdate)\src\velopack_sample\installPackage
[update:46124] [11:28:44] [INFO]     Verbose: false
[update:46124] [11:28:44] [INFO]     Silent: false
[update:46124] [11:28:44] [INFO]     Log File: None
[update:46124] [11:28:44] [INFO] Command: Apply
[update:46124] [11:28:44] [INFO]     Restart: true
[update:46124] [11:28:44] [INFO]     Wait: WaitPid(50288)
[update:46124] [11:28:44] [INFO]     Package: Some("D:\\예제프로젝트\\samplecode\\c++\\velopack(autoupdate)\\src\\velopack_sample\\installPackage\\packages\\")
[update:46124] [11:28:44] [INFO]     Exe Args: None
[update:46124] [11:28:44] [INFO] Auto-locating app manifest...
[update:46124] [11:28:44] [INFO] Attempting to acquire exclusive lock on packages directory (non-blocking)...
[update:46124] [11:28:44] [INFO] Waiting 60000ms for process (50288) to exit.
[update:46124] [11:28:44] [WARN] Failed to wait for process (50288) to exit ([87] 매개 변수가 틀립니다.). Continuing...
[update:46124] [11:28:44] [INFO] Getting ready to apply package to velopack_sample ver 1.0.1: D:\예제프로젝트\samplecode\c++\velopack(autoupdate)\src\velopack_sample\installPackage\packages\
[update:46124] [11:28:44] [WARN] Retrying operation in 333ms... (error was: Some(Os { code: 3, kind: NotFound, message: "지정된 경로를 찾을 수 없습니다." }))
[update:46124] [11:28:44] [WARN] Retrying operation in 666ms... (error was: Some(Os { code: 3, kind: NotFound, message: "지정된 경로를 찾을 수 없습니다." }))
[update:46124] [11:28:45] [WARN] Retrying operation in 1000ms... (error was: Some(Os { code: 3, kind: NotFound, message: "지정된 경로를 찾을 수 없습니다." }))
[update:46124] [11:28:46] [INFO] About to launch: '"D:\\예제프로젝트\\samplecode\\c++\\velopack(autoupdate)\\src\\velopack_sample\\installPackage\\current\\velopack_sample.exe"' in dir '"D:\\예제프로젝트\\samplecode\\c++\\velopack(autoupdate)\\src\\velopack_sample\\installPackage\\current"'
[update:46124] [11:28:46] [INFO] Args: CommandArgs { inner: [] }
[update:46124] [11:28:46] [ERROR] Apply error: Error applying package: IO error: 지정된 경로를 찾을 수 없습니다. (os error 3)
